Component: Arm Compiler for Embedded 6.24 Tool: armlink [5f371500]

==============================================================================

Section Cross References

    stepper.o(.text.setSTEP) refers to common.o(.text.GPIO_setOut) for GPIO_setOut
    stepper.o(.ARM.exidx.text.setSTEP) refers to stepper.o(.text.setSTEP) for [Anonymous Symbol]
    stepper.o(.text.getSTEP) refers to common.o(.text.GPIO_getOut) for GPIO_getOut
    stepper.o(.ARM.exidx.text.getSTEP) refers to stepper.o(.text.getSTEP) for [Anonymous Symbol]
    stepper.o(.ARM.exidx.text.stepperSetSteps) refers to stepper.o(.text.stepperSetSteps) for [Anonymous Symbol]
    stepper.o(.ARM.exidx.text.stepperStart) refers to stepper.o(.text.stepperStart) for [Anonymous Symbol]
    stepper.o(.ARM.exidx.text.stepperStop) refers to stepper.o(.text.stepperStop) for [Anonymous Symbol]
    stepper.o(.ARM.exidx.text.stepperGetSteps) refers to stepper.o(.text.stepperGetSteps) for [Anonymous Symbol]
    stepper.o(.ARM.exidx.text.stepperIsStepping) refers to stepper.o(.text.stepperIsStepping) for [Anonymous Symbol]
    common.o(.text.delaymS) refers to common.o(.bss.tick) for tick
    common.o(.ARM.exidx.text.delaymS) refers to common.o(.text.delaymS) for [Anonymous Symbol]
    common.o(.ARM.exidx.text.GPIO_setBiasPU) refers to common.o(.text.GPIO_setBiasPU) for [Anonymous Symbol]
    common.o(.ARM.exidx.text.GPIO_setBiasPD) refers to common.o(.text.GPIO_setBiasPD) for [Anonymous Symbol]
    common.o(.ARM.exidx.text.GPIO_setBiasFT) refers to common.o(.text.GPIO_setBiasFT) for [Anonymous Symbol]
    common.o(.ARM.exidx.text.GPIO_toggleOut) refers to common.o(.text.GPIO_toggleOut) for [Anonymous Symbol]
    common.o(.ARM.exidx.text.GPIO_setOut) refers to common.o(.text.GPIO_setOut) for [Anonymous Symbol]
    common.o(.ARM.exidx.text.GPIO_getOut) refers to common.o(.text.GPIO_getOut) for [Anonymous Symbol]
    common.o(.ARM.exidx.text.GPIO_getIn) refers to common.o(.text.GPIO_getIn) for [Anonymous Symbol]
    common.o(.text.SPI_transfer8) refers to common.o(.text.GPIO_toggleOut) for GPIO_toggleOut
    common.o(.ARM.exidx.text.SPI_transfer8) refers to common.o(.text.SPI_transfer8) for [Anonymous Symbol]
    main.o(.text.main) refers to main.o(.rodata.EB_LED) for EB_LED
    main.o(.text.main) refers to common.o(.text.GPIO_setOut) for GPIO_setOut
    main.o(.text.main) refers to common.o(.text.delaymS) for delaymS
    main.o(.text.main) refers to main.o(.rodata.EB_USR_BTN) for EB_USR_BTN
    main.o(.text.main) refers to common.o(.text.GPIO_setBiasPU) for GPIO_setBiasPU
    main.o(.text.main) refers to main.o(.text.initStepperA) for initStepperA
    main.o(.text.main) refers to forcesensorcall.o(.text.initFsrHW) for initFsrHW
    main.o(.text.main) refers to p9813call.o(.text.initLED_Driver) for initLED_Driver
    main.o(.text.main) refers to forcesensorcall.o(.text.FsrWeightCheck) for FsrWeightCheck
    main.o(.text.main) refers to main.o(.data.main.FSR_previous) for main.FSR_previous
    main.o(.text.main) refers to common.o(.bss.tick) for tick
    main.o(.text.main) refers to main.o(.bss.main.startTime_mS) for main.startTime_mS
    main.o(.text.main) refers to main.o(.rodata.stepperA) for stepperA
    main.o(.text.main) refers to stepper.o(.text.stepperIsStepping) for stepperIsStepping
    main.o(.text.main) refers to stepper.o(.text.stepperStop) for stepperStop
    main.o(.text.main) refers to common.o(.text.GPIO_toggleOut) for GPIO_toggleOut
    main.o(.ARM.exidx.text.main) refers to main.o(.text.main) for [Anonymous Symbol]
    main.o(.text.SysTick_Handler) refers to common.o(.bss.tick) for tick
    main.o(.ARM.exidx.text.SysTick_Handler) refers to main.o(.text.SysTick_Handler) for [Anonymous Symbol]
    main.o(.ARM.exidx.text.initDCMotor) refers to main.o(.text.initDCMotor) for [Anonymous Symbol]
    main.o(.ARM.exidx.text.initLEDDriver) refers to main.o(.text.initLEDDriver) for [Anonymous Symbol]
    main.o(.ARM.exidx.text.initStrainGuage) refers to main.o(.text.initStrainGuage) for [Anonymous Symbol]
    main.o(.text.initStepperA) refers to main.o(.rodata.stepperA) for stepperA
    main.o(.text.initStepperA) refers to common.o(.text.GPIO_setOut) for GPIO_setOut
    main.o(.text.initStepperA) refers to stepper.o(.text.setSTEP) for setSTEP
    main.o(.text.initStepperA) refers to common.o(.text.delaymS) for delaymS
    main.o(.ARM.exidx.text.initStepperA) refers to main.o(.text.initStepperA) for [Anonymous Symbol]
    forcesensorcall.o(.ARM.exidx.text.initFsrHW) refers to forcesensorcall.o(.text.initFsrHW) for [Anonymous Symbol]
    forcesensorcall.o(.text.FsrWeightCheck) refers to forcesensorcall.o(.text.ADC1_Read) for ADC1_Read
    forcesensorcall.o(.ARM.exidx.text.FsrWeightCheck) refers to forcesensorcall.o(.text.FsrWeightCheck) for [Anonymous Symbol]
    forcesensorcall.o(.ARM.exidx.text.ADC1_Read) refers to forcesensorcall.o(.text.ADC1_Read) for [Anonymous Symbol]
    forcesensorcall.o(.text.ConfigureSafetyInterrupt) refers to forcesensorcall.o(.bss.FsrSafetyTriggered) for FsrSafetyTriggered
    forcesensorcall.o(.text.ConfigureSafetyInterrupt) refers to forcesensorcall.o(.text.__NVIC_ClearPendingIRQ) for __NVIC_ClearPendingIRQ
    forcesensorcall.o(.text.ConfigureSafetyInterrupt) refers to forcesensorcall.o(.text.__NVIC_EnableIRQ) for __NVIC_EnableIRQ
    forcesensorcall.o(.ARM.exidx.text.ConfigureSafetyInterrupt) refers to forcesensorcall.o(.text.ConfigureSafetyInterrupt) for [Anonymous Symbol]
    forcesensorcall.o(.ARM.exidx.text.__NVIC_ClearPendingIRQ) refers to forcesensorcall.o(.text.__NVIC_ClearPendingIRQ) for [Anonymous Symbol]
    forcesensorcall.o(.ARM.exidx.text.__NVIC_EnableIRQ) refers to forcesensorcall.o(.text.__NVIC_EnableIRQ) for [Anonymous Symbol]
    forcesensorcall.o(.text.ADC_IRQHandler) refers to forcesensorcall.o(.bss.FsrSafetyTriggered) for FsrSafetyTriggered
    forcesensorcall.o(.ARM.exidx.text.ADC_IRQHandler) refers to forcesensorcall.o(.text.ADC_IRQHandler) for [Anonymous Symbol]
    p9813call.o(.text.initLED_Driver) refers to p9813call.o(.text.P9813_CLK_Low) for P9813_CLK_Low
    p9813call.o(.text.initLED_Driver) refers to p9813call.o(.text.P9813_DATA_Low) for P9813_DATA_Low
    p9813call.o(.text.initLED_Driver) refers to p9813call.o(.text.Set_Color_RGB) for Set_Color_RGB
    p9813call.o(.ARM.exidx.text.initLED_Driver) refers to p9813call.o(.text.initLED_Driver) for [Anonymous Symbol]
    p9813call.o(.ARM.exidx.text.P9813_CLK_Low) refers to p9813call.o(.text.P9813_CLK_Low) for [Anonymous Symbol]
    p9813call.o(.ARM.exidx.text.P9813_DATA_Low) refers to p9813call.o(.text.P9813_DATA_Low) for [Anonymous Symbol]
    p9813call.o(.text.Set_Color_RGB) refers to p9813call.o(.text.P9813_SendByte) for P9813_SendByte
    p9813call.o(.text.Set_Color_RGB) refers to p9813call.o(.text.P9813_SendColor) for P9813_SendColor
    p9813call.o(.ARM.exidx.text.Set_Color_RGB) refers to p9813call.o(.text.Set_Color_RGB) for [Anonymous Symbol]
    p9813call.o(.text.P9813_SendByte) refers to p9813call.o(.text.P9813_DATA_High) for P9813_DATA_High
    p9813call.o(.text.P9813_SendByte) refers to p9813call.o(.text.P9813_DATA_Low) for P9813_DATA_Low
    p9813call.o(.text.P9813_SendByte) refers to p9813call.o(.text.P9813_DelayCycles) for P9813_DelayCycles
    p9813call.o(.text.P9813_SendByte) refers to p9813call.o(.text.P9813_ClockPulse) for P9813_ClockPulse
    p9813call.o(.ARM.exidx.text.P9813_SendByte) refers to p9813call.o(.text.P9813_SendByte) for [Anonymous Symbol]
    p9813call.o(.text.P9813_SendColor) refers to p9813call.o(.text.P9813_SendByte) for P9813_SendByte
    p9813call.o(.ARM.exidx.text.P9813_SendColor) refers to p9813call.o(.text.P9813_SendColor) for [Anonymous Symbol]
    p9813call.o(.text.main_womp) refers to p9813call.o(.text.initLED_Driver) for initLED_Driver
    p9813call.o(.text.main_womp) refers to p9813call.o(.text.Set_Color_RGB) for Set_Color_RGB
    p9813call.o(.text.main_womp) refers to p9813call.o(.text.Delay) for Delay
    p9813call.o(.ARM.exidx.text.main_womp) refers to p9813call.o(.text.main_womp) for [Anonymous Symbol]
    p9813call.o(.ARM.exidx.text.Delay) refers to p9813call.o(.text.Delay) for [Anonymous Symbol]
    p9813call.o(.ARM.exidx.text.P9813_DATA_High) refers to p9813call.o(.text.P9813_DATA_High) for [Anonymous Symbol]
    p9813call.o(.ARM.exidx.text.P9813_DelayCycles) refers to p9813call.o(.text.P9813_DelayCycles) for [Anonymous Symbol]
    p9813call.o(.text.P9813_ClockPulse) refers to p9813call.o(.text.P9813_CLK_Low) for P9813_CLK_Low
    p9813call.o(.text.P9813_ClockPulse) refers to p9813call.o(.text.P9813_DelayCycles) for P9813_DelayCycles
    p9813call.o(.text.P9813_ClockPulse) refers to p9813call.o(.text.P9813_CLK_High) for P9813_CLK_High
    p9813call.o(.ARM.exidx.text.P9813_ClockPulse) refers to p9813call.o(.text.P9813_ClockPulse) for [Anonymous Symbol]
    p9813call.o(.ARM.exidx.text.P9813_CLK_High) refers to p9813call.o(.text.P9813_CLK_High) for [Anonymous Symbol]
    startup_stm32f446xx.o(STACK) refers (Special) to heapauxi.o(.text) for __use_two_region_memory
    startup_stm32f446xx.o(HEAP) refers (Special) to heapauxi.o(.text) for __use_two_region_memory
    startup_stm32f446xx.o(RESET) refers (Special) to heapauxi.o(.text) for __use_two_region_memory
    startup_stm32f446xx.o(RESET) refers to startup_stm32f446xx.o(STACK) for __initial_sp
    startup_stm32f446xx.o(RESET) refers to startup_stm32f446xx.o(.text) for Reset_Handler
    startup_stm32f446xx.o(RESET) refers to main.o(.text.SysTick_Handler) for SysTick_Handler
    startup_stm32f446xx.o(RESET) refers to forcesensorcall.o(.text.ADC_IRQHandler) for ADC_IRQHandler
    startup_stm32f446xx.o(.text) refers (Special) to heapauxi.o(.text) for __use_two_region_memory
    startup_stm32f446xx.o(.text) refers to system_stm32f4xx.o(.text.SystemInit) for SystemInit
    startup_stm32f446xx.o(.text) refers to __main.o(!!!main) for __main
    startup_stm32f446xx.o(.text) refers to startup_stm32f446xx.o(HEAP) for Heap_Mem
    startup_stm32f446xx.o(.text) refers to startup_stm32f446xx.o(STACK) for Stack_Mem
    system_stm32f4xx.o(.ARM.exidx.text.SystemInit) refers to system_stm32f4xx.o(.text.SystemInit) for [Anonymous Symbol]
    system_stm32f4xx.o(.text.SystemCoreClockUpdate) refers to system_stm32f4xx.o(.data.SystemCoreClock) for SystemCoreClock
    system_stm32f4xx.o(.text.SystemCoreClockUpdate) refers to system_stm32f4xx.o(.rodata.AHBPrescTable) for AHBPrescTable
    system_stm32f4xx.o(.ARM.exidx.text.SystemCoreClockUpdate) refers to system_stm32f4xx.o(.text.SystemCoreClockUpdate) for [Anonymous Symbol]
    __main.o(!!!main) refers to __rtentry.o(.ARM.Collect$$rtentry$$00000000) for __rt_entry
    __rtentry.o(.ARM.Collect$$rtentry$$00000000) refers (Special) to __rtentry2.o(.ARM.Collect$$rtentry$$0000000A) for __rt_entry_li
    __rtentry.o(.ARM.Collect$$rtentry$$00000000) refers (Special) to __rtentry2.o(.ARM.Collect$$rtentry$$0000000D) for __rt_entry_main
    __rtentry.o(.ARM.Collect$$rtentry$$00000000) refers (Special) to __rtentry2.o(.ARM.Collect$$rtentry$$0000000C) for __rt_entry_postli_1
    __rtentry.o(.ARM.Collect$$rtentry$$00000000) refers (Special) to __rtentry2.o(.ARM.Collect$$rtentry$$00000009) for __rt_entry_postsh_1
    __rtentry.o(.ARM.Collect$$rtentry$$00000000) refers (Special) to __rtentry2.o(.ARM.Collect$$rtentry$$00000002) for __rt_entry_presh_1
    __rtentry.o(.ARM.Collect$$rtentry$$00000000) refers (Special) to __rtentry4.o(.ARM.Collect$$rtentry$$00000004) for __rt_entry_sh
    __rtentry2.o(.ARM.Collect$$rtentry$$00000008) refers to boardinit2.o(.text) for _platform_post_stackheap_init
    __rtentry2.o(.ARM.Collect$$rtentry$$0000000A) refers to libinit.o(.ARM.Collect$$libinit$$00000000) for __rt_lib_init
    __rtentry2.o(.ARM.Collect$$rtentry$$0000000B) refers to boardinit3.o(.text) for _platform_post_lib_init
    __rtentry2.o(.ARM.Collect$$rtentry$$0000000D) refers to main.o(.text.main) for main
    __rtentry2.o(.ARM.Collect$$rtentry$$0000000D) refers to exit.o(.text) for exit
    __rtentry2.o(.ARM.exidx) refers to __rtentry2.o(.ARM.Collect$$rtentry$$00000001) for .ARM.Collect$$rtentry$$00000001
    __rtentry2.o(.ARM.exidx) refers to __rtentry2.o(.ARM.Collect$$rtentry$$00000008) for .ARM.Collect$$rtentry$$00000008
    __rtentry2.o(.ARM.exidx) refers to __rtentry2.o(.ARM.Collect$$rtentry$$0000000A) for .ARM.Collect$$rtentry$$0000000A
    __rtentry2.o(.ARM.exidx) refers to __rtentry2.o(.ARM.Collect$$rtentry$$0000000B) for .ARM.Collect$$rtentry$$0000000B
    __rtentry2.o(.ARM.exidx) refers to __rtentry2.o(.ARM.Collect$$rtentry$$0000000D) for .ARM.Collect$$rtentry$$0000000D
    __rtentry4.o(.ARM.Collect$$rtentry$$00000004) refers to sys_stackheap_outer.o(.text) for __user_setup_stackheap
    __rtentry4.o(.ARM.exidx) refers to __rtentry4.o(.ARM.Collect$$rtentry$$00000004) for .ARM.Collect$$rtentry$$00000004
    sys_stackheap_outer.o(.text) refers to libspace.o(.text) for __user_perproc_libspace
    sys_stackheap_outer.o(.text) refers to startup_stm32f446xx.o(.text) for __user_initial_stackheap
    exit.o(.text) refers to rtexit.o(.ARM.Collect$$rtexit$$00000000) for __rt_exit
    libinit.o(.ARM.Collect$$libinit$$00000000) refers (Special) to libinit2.o(.ARM.Collect$$libinit$$00000030) for __rt_lib_init_alloca_1
    libinit.o(.ARM.Collect$$libinit$$00000000) refers (Special) to libinit2.o(.ARM.Collect$$libinit$$0000002E) for __rt_lib_init_argv_1
    libinit.o(.ARM.Collect$$libinit$$00000000) refers (Special) to libinit2.o(.ARM.Collect$$libinit$$0000001D) for __rt_lib_init_atexit_1
    libinit.o(.ARM.Collect$$libinit$$00000000) refers (Special) to libinit2.o(.ARM.Collect$$libinit$$00000023) for __rt_lib_init_clock_1
    libinit.o(.ARM.Collect$$libinit$$00000000) refers (Special) to libinit2.o(.ARM.Collect$$libinit$$00000034) for __rt_lib_init_cpp_1
    libinit.o(.ARM.Collect$$libinit$$00000000) refers (Special) to libinit2.o(.ARM.Collect$$libinit$$00000032) for __rt_lib_init_exceptions_1
    libinit.o(.ARM.Collect$$libinit$$00000000) refers (Special) to libinit2.o(.ARM.Collect$$libinit$$00000001) for __rt_lib_init_fp_1
    libinit.o(.ARM.Collect$$libinit$$00000000) refers (Special) to libinit2.o(.ARM.Collect$$libinit$$00000021) for __rt_lib_init_fp_trap_1
    libinit.o(.ARM.Collect$$libinit$$00000000) refers (Special) to libinit2.o(.ARM.Collect$$libinit$$00000025) for __rt_lib_init_getenv_1
    libinit.o(.ARM.Collect$$libinit$$00000000) refers (Special) to libinit2.o(.ARM.Collect$$libinit$$0000000C) for __rt_lib_init_heap_1
    libinit.o(.ARM.Collect$$libinit$$00000000) refers (Special) to libinit2.o(.ARM.Collect$$libinit$$00000013) for __rt_lib_init_lc_collate_1
    libinit.o(.ARM.Collect$$libinit$$00000000) refers (Special) to libinit2.o(.ARM.Collect$$libinit$$00000015) for __rt_lib_init_lc_ctype_1
    libinit.o(.ARM.Collect$$libinit$$00000000) refers (Special) to libinit2.o(.ARM.Collect$$libinit$$00000017) for __rt_lib_init_lc_monetary_1
    libinit.o(.ARM.Collect$$libinit$$00000000) refers (Special) to libinit2.o(.ARM.Collect$$libinit$$00000019) for __rt_lib_init_lc_numeric_1
    libinit.o(.ARM.Collect$$libinit$$00000000) refers (Special) to libinit2.o(.ARM.Collect$$libinit$$0000001B) for __rt_lib_init_lc_time_1
    libinit.o(.ARM.Collect$$libinit$$00000000) refers (Special) to libinit2.o(.ARM.Collect$$libinit$$00000006) for __rt_lib_init_preinit_1
    libinit.o(.ARM.Collect$$libinit$$00000000) refers (Special) to libinit2.o(.ARM.Collect$$libinit$$00000010) for __rt_lib_init_rand_1
    libinit.o(.ARM.Collect$$libinit$$00000000) refers (Special) to libinit2.o(.ARM.Collect$$libinit$$00000004) for __rt_lib_init_relocate_pie_1
    libinit.o(.ARM.Collect$$libinit$$00000000) refers (Special) to libinit2.o(.ARM.Collect$$libinit$$00000035) for __rt_lib_init_return
    libinit.o(.ARM.Collect$$libinit$$00000000) refers (Special) to libinit2.o(.ARM.Collect$$libinit$$0000001F) for __rt_lib_init_signal_1
    libinit.o(.ARM.Collect$$libinit$$00000000) refers (Special) to libinit2.o(.ARM.Collect$$libinit$$00000027) for __rt_lib_init_stdio_1
    libinit.o(.ARM.Collect$$libinit$$00000000) refers (Special) to libinit2.o(.ARM.Collect$$libinit$$0000000E) for __rt_lib_init_user_alloc_1
    libspace.o(.text) refers to libspace.o(.bss) for __libspace_start
    rtexit.o(.ARM.Collect$$rtexit$$00000000) refers (Special) to rtexit2.o(.ARM.Collect$$rtexit$$00000004) for __rt_exit_exit
    rtexit.o(.ARM.Collect$$rtexit$$00000000) refers (Special) to rtexit2.o(.ARM.Collect$$rtexit$$00000003) for __rt_exit_ls
    rtexit.o(.ARM.Collect$$rtexit$$00000000) refers (Special) to rtexit2.o(.ARM.Collect$$rtexit$$00000002) for __rt_exit_prels_1
    rtexit.o(.ARM.exidx) refers (Special) to rtexit2.o(.ARM.Collect$$rtexit$$00000004) for __rt_exit_exit
    rtexit.o(.ARM.exidx) refers (Special) to rtexit2.o(.ARM.Collect$$rtexit$$00000003) for __rt_exit_ls
    rtexit.o(.ARM.exidx) refers (Special) to rtexit2.o(.ARM.Collect$$rtexit$$00000002) for __rt_exit_prels_1
    rtexit.o(.ARM.exidx) refers to rtexit.o(.ARM.Collect$$rtexit$$00000000) for .ARM.Collect$$rtexit$$00000000
    libinit2.o(.ARM.Collect$$libinit$$00000001) refers to fpinit.o(x$fpl$fpinit) for _fp_init
    libinit2.o(.ARM.Collect$$libinit$$00000012) refers to libinit2.o(.ARM.Collect$$libinit$$00000011) for .ARM.Collect$$libinit$$00000011
    libinit2.o(.ARM.Collect$$libinit$$00000014) refers to libinit2.o(.ARM.Collect$$libinit$$00000011) for .ARM.Collect$$libinit$$00000011
    libinit2.o(.ARM.Collect$$libinit$$00000016) refers to libinit2.o(.ARM.Collect$$libinit$$00000011) for .ARM.Collect$$libinit$$00000011
    libinit2.o(.ARM.Collect$$libinit$$00000018) refers to libinit2.o(.ARM.Collect$$libinit$$00000011) for .ARM.Collect$$libinit$$00000011
    libinit2.o(.ARM.Collect$$libinit$$0000001A) refers to libinit2.o(.ARM.Collect$$libinit$$00000011) for .ARM.Collect$$libinit$$00000011
    libinit2.o(.ARM.Collect$$libinit$$00000028) refers to argv_veneer.o(.emb_text) for __ARM_argv_veneer
    libinit2.o(.ARM.Collect$$libinit$$00000029) refers to argv_veneer.o(.emb_text) for __ARM_argv_veneer
    rtexit2.o(.ARM.Collect$$rtexit$$00000003) refers to libshutdown.o(.ARM.Collect$$libshutdown$$00000000) for __rt_lib_shutdown
    rtexit2.o(.ARM.Collect$$rtexit$$00000004) refers to sys_exit.o(.text) for _sys_exit
    rtexit2.o(.ARM.exidx) refers to rtexit2.o(.ARM.Collect$$rtexit$$00000001) for .ARM.Collect$$rtexit$$00000001
    rtexit2.o(.ARM.exidx) refers to rtexit2.o(.ARM.Collect$$rtexit$$00000003) for .ARM.Collect$$rtexit$$00000003
    rtexit2.o(.ARM.exidx) refers to rtexit2.o(.ARM.Collect$$rtexit$$00000004) for .ARM.Collect$$rtexit$$00000004
    argv_veneer.o(.emb_text) refers to no_argv.o(.text) for __ARM_get_argv
    sys_exit.o(.text) refers (Special) to use_no_semi.o(.text) for __I$use$semihosting
    sys_exit.o(.text) refers (Special) to indicate_semi.o(.text) for __semihosting_library_function
    sys_exit_hlt.o(.text) refers (Special) to use_no_semi.o(.text) for __I$use$semihosting
    sys_exit_hlt.o(.text) refers (Special) to indicate_semi.o(.text) for __semihosting_library_function
    _get_argv_nomalloc.o(.text) refers (Special) to hrguard.o(.text) for __heap_region$guard
    _get_argv_nomalloc.o(.text) refers to defsig_rtmem_outer.o(.text) for __rt_SIGRTMEM
    _get_argv_nomalloc.o(.text) refers to sys_command.o(.text) for _sys_command_string
    libshutdown.o(.ARM.Collect$$libshutdown$$00000000) refers (Special) to libshutdown2.o(.ARM.Collect$$libshutdown$$00000002) for __rt_lib_shutdown_cpp_1
    libshutdown.o(.ARM.Collect$$libshutdown$$00000000) refers (Special) to libshutdown2.o(.ARM.Collect$$libshutdown$$00000007) for __rt_lib_shutdown_fp_trap_1
    libshutdown.o(.ARM.Collect$$libshutdown$$00000000) refers (Special) to libshutdown2.o(.ARM.Collect$$libshutdown$$0000000F) for __rt_lib_shutdown_heap_1
    libshutdown.o(.ARM.Collect$$libshutdown$$00000000) refers (Special) to libshutdown2.o(.ARM.Collect$$libshutdown$$00000010) for __rt_lib_shutdown_return
    libshutdown.o(.ARM.Collect$$libshutdown$$00000000) refers (Special) to libshutdown2.o(.ARM.Collect$$libshutdown$$0000000A) for __rt_lib_shutdown_signal_1
    libshutdown.o(.ARM.Collect$$libshutdown$$00000000) refers (Special) to libshutdown2.o(.ARM.Collect$$libshutdown$$00000004) for __rt_lib_shutdown_stdio_1
    libshutdown.o(.ARM.Collect$$libshutdown$$00000000) refers (Special) to libshutdown2.o(.ARM.Collect$$libshutdown$$0000000C) for __rt_lib_shutdown_user_alloc_1
    sys_command.o(.text) refers (Special) to use_no_semi.o(.text) for __I$use$semihosting
    sys_command.o(.text) refers (Special) to indicate_semi.o(.text) for __semihosting_library_function
    sys_command_hlt.o(.text) refers (Special) to use_no_semi.o(.text) for __I$use$semihosting
    sys_command_hlt.o(.text) refers (Special) to indicate_semi.o(.text) for __semihosting_library_function
    defsig_rtmem_outer.o(.text) refers to defsig_rtmem_inner.o(.text) for __rt_SIGRTMEM_inner
    defsig_rtmem_outer.o(.text) refers to defsig_exit.o(.text) for __sig_exit
    defsig_rtmem_formal.o(.text) refers to rt_raise.o(.text) for __rt_raise
    rt_raise.o(.text) refers to __raise.o(.text) for __raise
    rt_raise.o(.text) refers to sys_exit.o(.text) for _sys_exit
    defsig_exit.o(.text) refers to sys_exit.o(.text) for _sys_exit
    defsig_rtmem_inner.o(.text) refers to defsig_general.o(.text) for __default_signal_display
    __raise.o(.text) refers to defsig.o(CL$$defsig) for __default_signal_handler
    defsig_general.o(.text) refers to sys_wrch.o(.text) for _ttywrch
    sys_wrch.o(.text) refers (Special) to use_no_semi.o(.text) for __I$use$semihosting
    sys_wrch.o(.text) refers (Special) to indicate_semi.o(.text) for __semihosting_library_function
    sys_wrch_hlt.o(.text) refers (Special) to use_no_semi.o(.text) for __I$use$semihosting
    sys_wrch_hlt.o(.text) refers (Special) to indicate_semi.o(.text) for __semihosting_library_function
    defsig.o(CL$$defsig) refers to defsig_rtmem_inner.o(.text) for __rt_SIGRTMEM_inner
    defsig_abrt_inner.o(.text) refers to defsig_general.o(.text) for __default_signal_display
    defsig_fpe_inner.o(.text) refers to defsig_general.o(.text) for __default_signal_display
    defsig_rtred_inner.o(.text) refers to defsig_general.o(.text) for __default_signal_display
    defsig_stak_inner.o(.text) refers to defsig_general.o(.text) for __default_signal_display
    defsig_pvfn_inner.o(.text) refers to defsig_general.o(.text) for __default_signal_display
    defsig_cppl_inner.o(.text) refers to defsig_general.o(.text) for __default_signal_display
    defsig_segv_inner.o(.text) refers to defsig_general.o(.text) for __default_signal_display
    defsig_other.o(.text) refers to defsig_general.o(.text) for __default_signal_display


==============================================================================

Removing Unused input sections from the image.

    Removing stepper.o(.text), (0 bytes).
    Removing stepper.o(.ARM.exidx.text.setSTEP), (8 bytes).
    Removing stepper.o(.text.getSTEP), (96 bytes).
    Removing stepper.o(.ARM.exidx.text.getSTEP), (8 bytes).
    Removing stepper.o(.text.stepperSetSteps), (60 bytes).
    Removing stepper.o(.ARM.exidx.text.stepperSetSteps), (8 bytes).
    Removing stepper.o(.text.stepperStart), (44 bytes).
    Removing stepper.o(.ARM.exidx.text.stepperStart), (8 bytes).
    Removing stepper.o(.ARM.exidx.text.stepperStop), (8 bytes).
    Removing stepper.o(.text.stepperGetSteps), (16 bytes).
    Removing stepper.o(.ARM.exidx.text.stepperGetSteps), (8 bytes).
    Removing stepper.o(.ARM.exidx.text.stepperIsStepping), (8 bytes).
    Removing common.o(.text), (0 bytes).
    Removing common.o(.ARM.exidx.text.delaymS), (8 bytes).
    Removing common.o(.ARM.exidx.text.GPIO_setBiasPU), (8 bytes).
    Removing common.o(.text.GPIO_setBiasPD), (48 bytes).
    Removing common.o(.ARM.exidx.text.GPIO_setBiasPD), (8 bytes).
    Removing common.o(.text.GPIO_setBiasFT), (28 bytes).
    Removing common.o(.ARM.exidx.text.GPIO_setBiasFT), (8 bytes).
    Removing common.o(.ARM.exidx.text.GPIO_toggleOut), (8 bytes).
    Removing common.o(.ARM.exidx.text.GPIO_setOut), (8 bytes).
    Removing common.o(.text.GPIO_getOut), (24 bytes).
    Removing common.o(.ARM.exidx.text.GPIO_getOut), (8 bytes).
    Removing common.o(.text.GPIO_getIn), (24 bytes).
    Removing common.o(.ARM.exidx.text.GPIO_getIn), (8 bytes).
    Removing common.o(.text.SPI_transfer8), (190 bytes).
    Removing common.o(.ARM.exidx.text.SPI_transfer8), (8 bytes).
    Removing main.o(.text), (0 bytes).
    Removing main.o(.ARM.exidx.text.main), (8 bytes).
    Removing main.o(.ARM.exidx.text.SysTick_Handler), (8 bytes).
    Removing main.o(.text.initDCMotor), (2 bytes).
    Removing main.o(.ARM.exidx.text.initDCMotor), (8 bytes).
    Removing main.o(.text.initLEDDriver), (2 bytes).
    Removing main.o(.ARM.exidx.text.initLEDDriver), (8 bytes).
    Removing main.o(.text.initStrainGuage), (2 bytes).
    Removing main.o(.ARM.exidx.text.initStrainGuage), (8 bytes).
    Removing main.o(.ARM.exidx.text.initStepperA), (8 bytes).
    Removing main.o(.rodata.cvb_dir), (8 bytes).
    Removing main.o(.rodata.ledDriver_clk), (8 bytes).
    Removing main.o(.rodata.ledDriver_data), (8 bytes).
    Removing main.o(.rodata.MCPCS), (8 bytes).
    Removing main.o(.ARM.use_no_argv), (4 bytes).
    Removing forcesensorcall.o(.text), (0 bytes).
    Removing forcesensorcall.o(.ARM.exidx.text.initFsrHW), (8 bytes).
    Removing forcesensorcall.o(.ARM.exidx.text.FsrWeightCheck), (8 bytes).
    Removing forcesensorcall.o(.ARM.exidx.text.ADC1_Read), (8 bytes).
    Removing forcesensorcall.o(.text.ConfigureSafetyInterrupt), (138 bytes).
    Removing forcesensorcall.o(.ARM.exidx.text.ConfigureSafetyInterrupt), (8 bytes).
    Removing forcesensorcall.o(.text.__NVIC_ClearPendingIRQ), (48 bytes).
    Removing forcesensorcall.o(.ARM.exidx.text.__NVIC_ClearPendingIRQ), (8 bytes).
    Removing forcesensorcall.o(.text.__NVIC_EnableIRQ), (48 bytes).
    Removing forcesensorcall.o(.ARM.exidx.text.__NVIC_EnableIRQ), (8 bytes).
    Removing forcesensorcall.o(.ARM.exidx.text.ADC_IRQHandler), (8 bytes).
    Removing p9813call.o(.text), (0 bytes).
    Removing p9813call.o(.ARM.exidx.text.initLED_Driver), (8 bytes).
    Removing p9813call.o(.ARM.exidx.text.P9813_CLK_Low), (8 bytes).
    Removing p9813call.o(.ARM.exidx.text.P9813_DATA_Low), (8 bytes).
    Removing p9813call.o(.ARM.exidx.text.Set_Color_RGB), (8 bytes).
    Removing p9813call.o(.ARM.exidx.text.P9813_SendByte), (8 bytes).
    Removing p9813call.o(.ARM.exidx.text.P9813_SendColor), (8 bytes).
    Removing p9813call.o(.text.main_womp), (152 bytes).
    Removing p9813call.o(.ARM.exidx.text.main_womp), (8 bytes).
    Removing p9813call.o(.text.Delay), (24 bytes).
    Removing p9813call.o(.ARM.exidx.text.Delay), (8 bytes).
    Removing p9813call.o(.ARM.exidx.text.P9813_DATA_High), (8 bytes).
    Removing p9813call.o(.ARM.exidx.text.P9813_DelayCycles), (8 bytes).
    Removing p9813call.o(.ARM.exidx.text.P9813_ClockPulse), (8 bytes).
    Removing p9813call.o(.ARM.exidx.text.P9813_CLK_High), (8 bytes).
    Removing system_stm32f4xx.o(.text), (0 bytes).
    Removing system_stm32f4xx.o(.ARM.exidx.text.SystemInit), (8 bytes).
    Removing system_stm32f4xx.o(.text.SystemCoreClockUpdate), (302 bytes).
    Removing system_stm32f4xx.o(.ARM.exidx.text.SystemCoreClockUpdate), (8 bytes).
    Removing system_stm32f4xx.o(.data.SystemCoreClock), (4 bytes).
    Removing system_stm32f4xx.o(.rodata.AHBPrescTable), (16 bytes).
    Removing system_stm32f4xx.o(.rodata.APBPrescTable), (8 bytes).

75 unused section(s) (total 1656 bytes) removed from the image.
